Microchip MPLAB XC8 Compiler V1.32 ()

Linker command line:

--edf=/opt/microchip/xc8/v1.32/dat/en_msgs.txt -cs \
  -h+dist/default/debug/Blink_test_2450.X.debug.sym \
  --cmf=dist/default/debug/Blink_test_2450.X.debug.cmf -z -Q18F24K50 \
  -o/tmp/cgtWQBFNu -Mdist/default/debug/Blink_test_2450.X.debug.map -E1 \
  -ver=XC8 -ASTACK=060h-01feh -pstack=STACK -ACODE=00h-03FFFh \
  -ACONST=00h-03FFFh -ASMALLCONST=0800h-08FFhx56 -AMEDIUMCONST=0800h-03FFFh \
  -ACOMRAM=01h-05Fh -AABS1=00h-07FFh -ABIGRAM=01h-07FFh \
  -ARAM=060h-0FFh,0100h-01FFhx7 -ABANK0=060h-0FFh -ABANK1=0100h-01FFh \
  -ABANK2=0200h-02FFh -ABANK3=0300h-03FFh -ABANK4=0400h-04FFh \
  -ABANK5=0500h-05FFh -ABANK6=0600h-06FFh -ABANK7=0700h-07FFh \
  -ASFR=0F53h-0F5Fh,0F60h-0FFCh \
  -preset_vec=00h,intcode=08h,intcodelo,powerup,init,end_init \
  -pramtop=0800h -psmallconst=SMALLCONST -pmediumconst=MEDIUMCONST \
  -pconst=CONST -AFARRAM=00h-00h -ACONFIG=0300000h-030000Dh -pconfig=CONFIG \
  -AIDLOC=0200000h-0200007h -pidloc=IDLOC -AEEDATA=0F00000h-0F000FFh \
  -peeprom_data=EEDATA \
  -prdata=COMRAM,nvrram=COMRAM,nvbit=COMRAM,rbss=COMRAM,rbit=COMRAM \
  -pfarbss=FARRAM,fardata=FARRAM,nvFARRAM=FARRAM \
  -pintsave_regs=BIGRAM,bigbss=BIGRAM,bigdata=BIGRAM -pbss=RAM \
  -pidata=CODE,irdata=CODE,ibigdata=CODE,ifardata=CODE /tmp/cgtrU6dEZ.obj \
  dist/default/debug/Blink_test_2450.X.debug.obj 

Object code version is 3.11

Machine type is 18F24K50

Call graph: (short form)




                Name                               Link     Load   Length Selector   Space Scale
/tmp/cgtrU6dEZ.obj
                end_init                            198      198        4        4       0
                reset_vec                             0        0        6        0       0
                idloc                            200000   200000        8   200000       0
                config                           300000   300000        E   300000       0
dist/default/debug/Blink_test_2450.X.debug.obj
                intcode                               8        8      190        4       0
                text26                              498      498       4E        4       0
                text25                              4E6      4E6       4A        4       0
                text24                              650      650       12        4       0
                text23                              6BC      6BC        E        4       0
                text21                              6E8      6E8        6        4       0
                text20                              682      682       10        4       0
                text19                              672      672       10        4       0
                text18                              58E      58E       2C        4       0
                text17                              6DE      6DE        A        4       0
                text16                              6AE      6AE        E        4       0
                text15                              6A0      6A0        E        4       0
                text14                              6D4      6D4        A        4       0
                text13                              562      562       2C        4       0
                text12                              530      530       32        4       0
                text11                              440      440       58        4       0
                text10                              662      662       10        4       0
                text9                               620      620       1E        4       0
                text8                               19C      19C      116        4       0
                text7                               63E      63E       12        4       0
                text6                               390      390       B0        4       0
                text5                               6EE      6EE        4        4       0
                text4                               6CA      6CA        A        4       0
                text3                               600      600       20        4       0
                text2                               5E0      5E0       20        4       0
                text1                               692      692        E        4       0
                text0                               2B2      2B2       DE        4       0
                cstackCOMRAM                          1        1       36        1       1
                bssBIGRAM                           1FF      1FF      601      1FF       1
                bssCOMRAM                            37       37        E        1       1
                cinit                               5BA      5BA       26        4       0

TOTAL           Name                               Link     Load   Length     Space
        CLASS   STACK          

        CLASS   CODE           
                end_init                            198      198        4         0
                intcode                               8        8      190         0
                reset_vec                             0        0        6         0
                text26                              498      498       4E         0
                text25                              4E6      4E6       4A         0
                text24                              650      650       12         0
                text23                              6BC      6BC        E         0
                text21                              6E8      6E8        6         0
                text20                              682      682       10         0
                text19                              672      672       10         0
                text18                              58E      58E       2C         0
                text17                              6DE      6DE        A         0
                text16                              6AE      6AE        E         0
                text15                              6A0      6A0        E         0
                text14                              6D4      6D4        A         0
                text13                              562      562       2C         0
                text12                              530      530       32         0
                text11                              440      440       58         0
                text10                              662      662       10         0
                text9                               620      620       1E         0
                text8                               19C      19C      116         0
                text7                               63E      63E       12         0
                text6                               390      390       B0         0
                text5                               6EE      6EE        4         0
                text4                               6CA      6CA        A         0
                text3                               600      600       20         0
                text2                               5E0      5E0       20         0
                text1                               692      692        E         0
                text0                               2B2      2B2       DE         0
                cinit                               5BA      5BA       26         0

        CLASS   CONST          

        CLASS   SMALLCONST     

        CLASS   MEDIUMCONST    

        CLASS   COMRAM         
                cstackCOMRAM                          1        1       36         1
                bssCOMRAM                            37       37        E         1

        CLASS   ABS1           

        CLASS   BIGRAM         
                bssBIGRAM                           1FF      1FF      601         1

        CLASS   RAM            

        CLASS   BANK0          

        CLASS   BANK1          

        CLASS   BANK2          

        CLASS   BANK3          

        CLASS   BANK4          

        CLASS   BANK5          

        CLASS   BANK6          

        CLASS   BANK7          

        CLASS   SFR            

        CLASS   FARRAM         

        CLASS   CONFIG         
                config                           300000   300000        E         0

        CLASS   IDLOC          
                idloc                            200000   200000        8         0

        CLASS   EEDATA         



SEGMENTS        Name                           Load    Length   Top    Selector   Space  Class

                reset_vec                      000000  000006  000006         0       0  CODE    
                cstackCOMRAM                   000001  000044  000045         1       1  COMRAM  
                intcode                        000008  0006EA  0006F2         4       0  CODE    
                bssBIGRAM                      0001FF  000601  000800       1FF       1  BIGRAM  
                idloc                          200000  000008  200008    200000       0  IDLOC   
                config                         300000  00000E  30000E    300000       0  CONFIG  


UNUSED ADDRESS RANGES

        Name                Unused          Largest block    Delta
        BANK0            000060-0000FF               A0
        BANK1            000100-0001FE               FF
        BIGRAM           000045-0001FE              1BA
        CODE             000006-000007                2
                         0006F2-003FFF             390E
        COMRAM           000045-00005F               1B
        CONST            000006-000007                2
                         0006F2-003FFF             390E
        EEDATA           F00000-F000FF              100
        MEDIUMCONST      000800-003FFF             3800
        RAM              000060-0001FE               A0
        SFR              000F53-000FFC                D
        SMALLCONST       000800-003FFF              100
        STACK            000060-0001FE              19F

                                  Symbol Table

?_CyclicBitBuffer_getBuffer           cstackCOMRAM 000022
?_CyclicBitBuffer_read                cstackCOMRAM 000001
?_RF433_receive                       cstackCOMRAM 000024
?_Serial_readFrame                    cstackCOMRAM 000023
CyclicBitBuffer_read@ret              cstackCOMRAM 000004
CyclicBitBuffer_write@b               cstackCOMRAM 000001
Delay100TCYx@unit                     cstackCOMRAM 000022
Delay1KTCYx@unit                      cstackCOMRAM 000022
Open1USART@config                     cstackCOMRAM 000027
Open1USART@spbrg                      cstackCOMRAM 000022
OpenTimer0@config                     cstackCOMRAM 000022
RF433_receive@bufferLength            cstackCOMRAM 000024
Read1USART@data                       cstackCOMRAM 000022
Serial_readFrame@frame                cstackCOMRAM 000023
Serial_readFrame@i                    cstackCOMRAM 000027
Serial_readFrame@p                    cstackCOMRAM 000029
Serial_sendFrame@frame                cstackCOMRAM 000023
Serial_sendFrame@i                    cstackCOMRAM 000027
Serial_sendFrame@p                    cstackCOMRAM 000029
Write1USART@data                      cstackCOMRAM 000022
WriteTimer0@timer                     cstackCOMRAM 000003
WriteTimer0@timer0                    cstackCOMRAM 000001
_ADCON0bits                           (abs)        000FC2
_ANSELBbits                           (abs)        000F5C
_ANSELCbits                           (abs)        000F5D
_CM1CON0bits                          (abs)        000F98
_CyclicBitBuffer_buffer               bssBIGRAM    0001FF
_CyclicBitBuffer_clearEvent           text21       0006E8
_CyclicBitBuffer_flags                bssCOMRAM    00003F
_CyclicBitBuffer_getBuffer            text17       0006DE
_CyclicBitBuffer_read                 text26       000498
_CyclicBitBuffer_reset                text14       0006D4
_CyclicBitBuffer_resetRead            text16       0006AE
_CyclicBitBuffer_resetWrite           text15       0006A0
_CyclicBitBuffer_write                text25       0004E6
_Delay100TCYx                         text20       000682
_Delay1KTCYx                          text19       000672
_INTCON2bits                          (abs)        000FF1
_INTCONbits                           (abs)        000FF2
_LATBbits                             (abs)        000F8A
_OSCCONbits                           (abs)        000FD3
_Open1USART                           text11       000440
_OpenTimer0                           text2        0005E0
_PIE1bits                             (abs)        000F9D
_PIR1bits                             (abs)        000F9E
_PORTBbits                            (abs)        000F81
_RCONbits                             (abs)        000FD0
_RCREG1                               (abs)        000FAE
_RCSTA1                               (abs)        000FAB
_RCSTA1bits                           (abs)        000FAB
_RF433_init                           text18       00058E
_RF433_receive                        text13       000562
_RF433_transmit                       text12       000530
_Read1USART                           text9        000620
_SPBRG1                               (abs)        000FAF
_SPBRGH1                              (abs)        000FB0
_Serial_configSerialPort              text10       000662
_Serial_readFrame                     text8        00019C
_Serial_sendFrame                     text6        000390
_T0CON                                (abs)        000FD5
_T0CONbits                            (abs)        000FD5
_TMR0H                                (abs)        000FD7
_TMR0L                                (abs)        000FD6
_TRISBbits                            (abs)        000F93
_TXREG1                               (abs)        000FAD
_TXSTA1                               (abs)        000FAC
_TXSTA1bits                           (abs)        000FAC
_USART1_Status                        bssCOMRAM    000040
_Write1USART                          text7        00063E
_WriteTimer0                          text24       000650
__CFG_BOREN$SBORDIS                   (abs)        000000
__CFG_BORV$190                        (abs)        000000
__CFG_CCP2MX$RC1                      (abs)        000000
__CFG_CFGPLLEN$ON                     (abs)        000000
__CFG_CP0$OFF                         (abs)        000000
__CFG_CP1$OFF                         (abs)        000000
__CFG_CPB$OFF                         (abs)        000000
__CFG_CPD$OFF                         (abs)        000000
__CFG_CPUDIV$NOCLKDIV                 (abs)        000000
__CFG_EBTR0$OFF                       (abs)        000000
__CFG_EBTR1$OFF                       (abs)        000000
__CFG_EBTRB$OFF                       (abs)        000000
__CFG_FCMEN$OFF                       (abs)        000000
__CFG_FOSC$HSM                        (abs)        000000
__CFG_IESO$OFF                        (abs)        000000
__CFG_LS48MHZ$SYS48X8                 (abs)        000000
__CFG_LVP$ON                          (abs)        000000
__CFG_MCLRE$ON                        (abs)        000000
__CFG_PBADEN$OFF                      (abs)        000000
__CFG_PCLKEN$OFF                      (abs)        000000
__CFG_PLLSEL$PLL4X                    (abs)        000000
__CFG_SDOMX$RC7                       (abs)        000000
__CFG_STVREN$ON                       (abs)        000000
__CFG_T3CMX$RC0                       (abs)        000000
__CFG_WDTEN$OFF                       (abs)        000000
__CFG_WDTPS$32768                     (abs)        000000
__CFG_WRT0$OFF                        (abs)        000000
__CFG_WRT1$OFF                        (abs)        000000
__CFG_WRTB$OFF                        (abs)        000000
__CFG_WRTC$OFF                        (abs)        000000
__CFG_WRTD$OFF                        (abs)        000000
__CFG_XINST$OFF                       (abs)        000000
__CFG_nLPBOR$OFF                      (abs)        000000
__CFG_nPWRTEN$OFF                     (abs)        000000
__HRAM                                (abs)        000000
__Habs1                               abs1         000000
__Hbank0                              bank0        000000
__Hbank1                              bank1        000000
__Hbank2                              bank2        000000
__Hbank3                              bank3        000000
__Hbank4                              bank4        000000
__Hbank5                              bank5        000000
__Hbank6                              bank6        000000
__Hbank7                              bank7        000000
__Hbigbss                             bigbss       000000
__Hbigdata                            bigdata      000000
__Hbigram                             bigram       000000
__Hbss                                bss          000000
__HbssBIGRAM                          bssBIGRAM    000000
__HbssCOMRAM                          bssCOMRAM    000000
__Hcinit                              cinit        000000
__Hclrtext                            clrtext      000000
__Hcomram                             comram       000000
__Hconfig                             config       30000E
__Hconst                              const        000000
__HcstackCOMRAM                       cstackCOMRAM 000000
__Hdata                               data         000000
__Heeprom_data                        eeprom_data  000000
__Hend_init                           end_init     00019C
__Hfarbss                             farbss       000000
__Hfardata                            fardata      000000
__Hibigdata                           ibigdata     000000
__Hidata                              idata        000000
__Hidloc                              idloc        200008
__Hifardata                           ifardata     000000
__Hinit                               init         000198
__Hintcode                            intcode      000198
__Hintcode_body                       intcode_body 000000
__Hintcodelo                          intcodelo    000198
__Hintentry                           intentry     000000
__Hintret                             intret       000000
__Hintsave_regs                       intsave_regs 000000
__Hirdata                             irdata       000000
__Hmediumconst                        mediumconst  000000
__HnvFARRAM                           nvFARRAM     000000
__Hnvbit                              nvbit        000000
__Hnvrram                             nvrram       000000
__Hparam                              rparam       000000
__Hpowerup                            powerup      000198
__Hram                                ram          000000
__Hramtop                             ramtop       000800
__Hrbit                               rbit         000000
__Hrbss                               rbss         000000
__Hrdata                              rdata        000000
__Hreset_vec                          reset_vec    000006
__Hrparam                             rparam       000000
__Hsfr                                sfr          000000
__Hsmallconst                         smallconst   000000
__Hspace_0                            (abs)        30000E
__Hspace_1                            (abs)        000800
__Hspace_2                            (abs)        000000
__Hstack                              stack        000000
__Hstruct                             struct       000000
__Htemp                               temp         000000
__Htext                               text         000000
__Htext0                              text0        000000
__Htext1                              text1        000000
__Htext10                             text10       000000
__Htext11                             text11       000000
__Htext12                             text12       000000
__Htext13                             text13       000000
__Htext14                             text14       000000
__Htext15                             text15       000000
__Htext16                             text16       000000
__Htext17                             text17       000000
__Htext18                             text18       000000
__Htext19                             text19       000000
__Htext2                              text2        000000
__Htext20                             text20       000000
__Htext21                             text21       000000
__Htext23                             text23       000000
__Htext24                             text24       000000
__Htext25                             text25       000000
__Htext26                             text26       000000
__Htext3                              text3        000000
__Htext4                              text4        000000
__Htext5                              text5        000000
__Htext6                              text6        000000
__Htext7                              text7        000000
__Htext8                              text8        000000
__Htext9                              text9        000000
__LRAM                                (abs)        000001
__Labs1                               abs1         000000
__Lbank0                              bank0        000000
__Lbank1                              bank1        000000
__Lbank2                              bank2        000000
__Lbank3                              bank3        000000
__Lbank4                              bank4        000000
__Lbank5                              bank5        000000
__Lbank6                              bank6        000000
__Lbank7                              bank7        000000
__Lbigbss                             bigbss       000000
__Lbigdata                            bigdata      000000
__Lbigram                             bigram       000000
__Lbss                                bss          000000
__LbssBIGRAM                          bssBIGRAM    000000
__LbssCOMRAM                          bssCOMRAM    000000
__Lcinit                              cinit        000000
__Lclrtext                            clrtext      000000
__Lcomram                             comram       000000
__Lconfig                             config       300000
__Lconst                              const        000000
__LcstackCOMRAM                       cstackCOMRAM 000000
__Ldata                               data         000000
__Leeprom_data                        eeprom_data  000000
__Lend_init                           end_init     000198
__Lfarbss                             farbss       000000
__Lfardata                            fardata      000000
__Libigdata                           ibigdata     000000
__Lidata                              idata        000000
__Lidloc                              idloc        200000
__Lifardata                           ifardata     000000
__Linit                               init         000198
__Lintcode                            intcode      000008
__Lintcode_body                       intcode_body 000000
__Lintcodelo                          intcodelo    000198
__Lintentry                           intentry     000000
__Lintret                             intret       000000
__Lintsave_regs                       intsave_regs 000000
__Lirdata                             irdata       000000
__Lmediumconst                        mediumconst  000000
__LnvFARRAM                           nvFARRAM     000000
__Lnvbit                              nvbit        000000
__Lnvrram                             nvrram       000000
__Lparam                              rparam       000000
__Lpowerup                            powerup      000198
__Lram                                ram          000000
__Lramtop                             ramtop       000800
__Lrbit                               rbit         000000
__Lrbss                               rbss         000000
__Lrdata                              rdata        000000
__Lreset_vec                          reset_vec    000000
__Lrparam                             rparam       000000
__Lsfr                                sfr          000000
__Lsmallconst                         smallconst   000000
__Lspace_0                            (abs)        000000
__Lspace_1                            (abs)        000000
__Lspace_2                            (abs)        000000
__Lstack                              stack        000000
__Lstruct                             struct       000000
__Ltemp                               temp         000000
__Ltext                               text         000000
__Ltext0                              text0        000000
__Ltext1                              text1        000000
__Ltext10                             text10       000000
__Ltext11                             text11       000000
__Ltext12                             text12       000000
__Ltext13                             text13       000000
__Ltext14                             text14       000000
__Ltext15                             text15       000000
__Ltext16                             text16       000000
__Ltext17                             text17       000000
__Ltext18                             text18       000000
__Ltext19                             text19       000000
__Ltext2                              text2        000000
__Ltext20                             text20       000000
__Ltext21                             text21       000000
__Ltext23                             text23       000000
__Ltext24                             text24       000000
__Ltext25                             text25       000000
__Ltext26                             text26       000000
__Ltext3                              text3        000000
__Ltext4                              text4        000000
__Ltext5                              text5        000000
__Ltext6                              text6        000000
__Ltext7                              text7        000000
__Ltext8                              text8        000000
__Ltext9                              text9        000000
__S0                                  (abs)        30000E
__S1                                  (abs)        000800
__S2                                  (abs)        000000
___inthi_sp                           stack        000000
___intlo_sp                           stack        000000
___sp                                 stack        000000
__accesstop                           (abs)        000060
__activetblptr                        (abs)        000000
__end_of_CyclicBitBuffer_clearEvent   text21       0006EE
__end_of_CyclicBitBuffer_getBuffer    text17       0006E8
__end_of_CyclicBitBuffer_read         text26       0004E6
__end_of_CyclicBitBuffer_reset        text14       0006DE
__end_of_CyclicBitBuffer_resetRead    text16       0006BC
__end_of_CyclicBitBuffer_resetWrite   text15       0006AE
__end_of_CyclicBitBuffer_write        text25       000530
__end_of_Delay100TCYx                 text20       000692
__end_of_Delay1KTCYx                  text19       000682
__end_of_Open1USART                   text11       000498
__end_of_OpenTimer0                   text2        000600
__end_of_RF433_init                   text18       0005BA
__end_of_RF433_receive                text13       00058E
__end_of_RF433_transmit               text12       000562
__end_of_Read1USART                   text9        00063E
__end_of_Serial_configSerialPort      text10       000672
__end_of_Serial_readFrame             text8        0002B2
__end_of_Serial_sendFrame             text6        000440
__end_of_Write1USART                  text7        000650
__end_of_WriteTimer0                  text24       000662
__end_of__initialization              cinit        0005DA
__end_of_configClock                  text5        0006F2
__end_of_configInterruptPriority      text4        0006D4
__end_of_configPorts                  text3        000620
__end_of_configTimer                  text1        0006A0
__end_of_high_isr                     intcode      000126
__end_of_low_isr                      intcode      000198
__end_of_main                         text0        000390
__end_ofi2_CyclicBitBuffer_resetRead  text23       0006CA
__initialization                      cinit        0005BA
__mediumconst                         mediumconst  000000
__pbssBIGRAM                          bssBIGRAM    0001FF
__pbssCOMRAM                          bssCOMRAM    000037
__pcinit                              cinit        0005BA
__pcstackCOMRAM                       cstackCOMRAM 000001
__pintcode                            intcode      000008
__ptext0                              text0        0002B2
__ptext1                              text1        000692
__ptext10                             text10       000662
__ptext11                             text11       000440
__ptext12                             text12       000530
__ptext13                             text13       000562
__ptext14                             text14       0006D4
__ptext15                             text15       0006A0
__ptext16                             text16       0006AE
__ptext17                             text17       0006DE
__ptext18                             text18       00058E
__ptext19                             text19       000672
__ptext2                              text2        0005E0
__ptext20                             text20       000682
__ptext21                             text21       0006E8
__ptext23                             text23       0006BC
__ptext24                             text24       000650
__ptext25                             text25       0004E6
__ptext26                             text26       000498
__ptext3                              text3        000600
__ptext4                              text4        0006CA
__ptext5                              text5        0006EE
__ptext6                              text6        000390
__ptext7                              text7        00063E
__ptext8                              text8        00019C
__ptext9                              text9        000620
__ramtop                              ramtop       000800
__size_of_CyclicBitBuffer_clearEvent  (abs)        000000
__size_of_CyclicBitBuffer_getBuffer   (abs)        000000
__size_of_CyclicBitBuffer_read        (abs)        000000
__size_of_CyclicBitBuffer_reset       (abs)        000000
__size_of_CyclicBitBuffer_resetRead   (abs)        000000
__size_of_CyclicBitBuffer_resetWrite  (abs)        000000
__size_of_CyclicBitBuffer_write       (abs)        000000
__size_of_Delay100TCYx                (abs)        000000
__size_of_Delay1KTCYx                 (abs)        000000
__size_of_Open1USART                  (abs)        000000
__size_of_OpenTimer0                  (abs)        000000
__size_of_RF433_init                  (abs)        000000
__size_of_RF433_receive               (abs)        000000
__size_of_RF433_transmit              (abs)        000000
__size_of_Read1USART                  (abs)        000000
__size_of_Serial_configSerialPort     (abs)        000000
__size_of_Serial_readFrame            (abs)        000000
__size_of_Serial_sendFrame            (abs)        000000
__size_of_Write1USART                 (abs)        000000
__size_of_WriteTimer0                 (abs)        000000
__size_of_configClock                 (abs)        000000
__size_of_configInterruptPriority     (abs)        000000
__size_of_configPorts                 (abs)        000000
__size_of_configTimer                 (abs)        000000
__size_of_high_isr                    (abs)        000000
__size_of_low_isr                     (abs)        000000
__size_of_main                        (abs)        000000
__size_ofi2_CyclicBitBuffer_resetRead (abs)        000000
__smallconst                          smallconst   000000
_configClock                          text5        0006EE
_configInterruptPriority              text4        0006CA
_configPorts                          text3        000600
_configTimer                          text1        000692
_count                                bssCOMRAM    000037
_high_isr                             intcode      000008
_low_isr                              intcode      000126
_main                                 text0        0002B2
_oneCount                             bssCOMRAM    000041
_pinValue                             bssCOMRAM    000042
_readBitIndex                         bssCOMRAM    000043
_readByteIndex                        bssCOMRAM    000039
_sendTime                             bssCOMRAM    00003B
_writeBitIndex                        bssCOMRAM    000044
_writeByteIndex                       bssCOMRAM    00003D
end_of_initialization                 cinit        0005DA
i2_CyclicBitBuffer_resetRead          text23       0006BC
intlevel0                             text         000000
intlevel1                             text         000000
intlevel2                             text         000000
intlevel3                             text         000000
main@frame                            cstackCOMRAM 000032
main@x                                cstackCOMRAM 000030
stackhi                               (abs)        0001FE
stacklo                               (abs)        000060
start                                 init         000198
start_initialization                  cinit        0005BA


FUNCTION INFORMATION:

 *************** function _main *****************
 Defined at:
		line 87 in file "main.c"
 Parameters:    Size  Location     Type
  argc            2   42[COMRAM] int 
  argv            3   44[COMRAM] PTR PTR unsigned char 
 Auto vars:     Size  Location     Type
  frame           5   49[COMRAM] struct serial_frame
  x               2   47[COMRAM] unsigned short 
 Return value:  Size  Location     Type
                  2   42[COMRAM] int 
 Registers used:
		wreg, fsr2l, fsr2h, status,2, status,0, cstack
 Tracked objects:
		On entry : 
		On exit  : 
		Unchanged: 
 Data sizes:     COMRAM   BANK0   BANK1   BANK2   BANK3   BANK4   BANK5   BANK6   BANK7
      Params:         5       0       0       0       0       0       0       0       0
      Locals:         7       0       0       0       0       0       0       0       0
      Temps:          0       0       0       0       0       0       0       0       0
      Totals:        12       0       0       0       0       0       0       0       0
Total ram usage:       12 bytes
 Hardware stack levels required when called:    5
 This function calls:
		_CyclicBitBuffer_clearEvent
		_CyclicBitBuffer_getBuffer
		_CyclicBitBuffer_reset
		_RF433_init
		_RF433_receive
		_RF433_transmit
		_Serial_configSerialPort
		_Serial_readFrame
		_Serial_sendFrame
		_configClock
		_configInterruptPriority
		_configPorts
		_configTimer
 This function is called by:
		Startup code after reset
 This function uses a non-reentrant model


 *************** function _configTimer *****************
 Defined at:
		line 7 in file "Config.c"
 Parameters:    Size  Location     Type
		None
 Auto vars:     Size  Location     Type
		None
 Return value:  Size  Location     Type
		None               void
 Registers used:
		wreg, status,2, status,0, cstack
 Tracked objects:
		On entry : 
		On exit  : 
		Unchanged: 
 Data sizes:     COMRAM   BANK0   BANK1   BANK2   BANK3   BANK4   BANK5   BANK6   BANK7
      Params:         0       0       0       0       0       0       0       0       0
      Locals:         0       0       0       0       0       0       0       0       0
      Temps:          0       0       0       0       0       0       0       0       0
      Totals:         0       0       0       0       0       0       0       0       0
Total ram usage:        0 bytes
 Hardware stack levels used:    1
 Hardware stack levels required when called:    3
 This function calls:
		_OpenTimer0
 This function is called by:
		_main
 This function uses a non-reentrant model


 *************** function _OpenTimer0 *****************
 Defined at:
		line 18 in file "/opt/microchip/xc8/v1.32/sources/pic18/plib/Timers/t0open.c"
 Parameters:    Size  Location     Type
  config          1    wreg     unsigned char 
 Auto vars:     Size  Location     Type
  config          1   33[COMRAM] unsigned char 
 Return value:  Size  Location     Type
		None               void
 Registers used:
		wreg, status,2, status,0
 Tracked objects:
		On entry : 
		On exit  : 
		Unchanged: 
 Data sizes:     COMRAM   BANK0   BANK1   BANK2   BANK3   BANK4   BANK5   BANK6   BANK7
      Params:         0       0       0       0       0       0       0       0       0
      Locals:         1       0       0       0       0       0       0       0       0
      Temps:          0       0       0       0       0       0       0       0       0
      Totals:         1       0       0       0       0       0       0       0       0
Total ram usage:        1 bytes
 Hardware stack levels used:    1
 Hardware stack levels required when called:    2
 This function calls:
		Nothing
 This function is called by:
		_configTimer
 This function uses a non-reentrant model


 *************** function _configPorts *****************
 Defined at:
		line 14 in file "Config.c"
 Parameters:    Size  Location     Type
		None
 Auto vars:     Size  Location     Type
		None
 Return value:  Size  Location     Type
		None               void
 Registers used:
		None
 Tracked objects:
		On entry : 
		On exit  : 
		Unchanged: 
 Data sizes:     COMRAM   BANK0   BANK1   BANK2   BANK3   BANK4   BANK5   BANK6   BANK7
      Params:         0       0       0       0       0       0       0       0       0
      Locals:         0       0       0       0       0       0       0       0       0
      Temps:          0       0       0       0       0       0       0       0       0
      Totals:         0       0       0       0       0       0       0       0       0
Total ram usage:        0 bytes
 Hardware stack levels used:    1
 Hardware stack levels required when called:    2
 This function calls:
		Nothing
 This function is called by:
		_main
 This function uses a non-reentrant model


 *************** function _configInterruptPriority *****************
 Defined at:
		line 37 in file "Config.c"
 Parameters:    Size  Location     Type
		None
 Auto vars:     Size  Location     Type
		None
 Return value:  Size  Location     Type
		None               void
 Registers used:
		None
 Tracked objects:
		On entry : 
		On exit  : 
		Unchanged: 
 Data sizes:     COMRAM   BANK0   BANK1   BANK2   BANK3   BANK4   BANK5   BANK6   BANK7
      Params:         0       0       0       0       0       0       0       0       0
      Locals:         0       0       0       0       0       0       0       0       0
      Temps:          0       0       0       0       0       0       0       0       0
      Totals:         0       0       0       0       0       0       0       0       0
Total ram usage:        0 bytes
 Hardware stack levels used:    1
 Hardware stack levels required when called:    2
 This function calls:
		Nothing
 This function is called by:
		_main
 This function uses a non-reentrant model


 *************** function _configClock *****************
 Defined at:
		line 45 in file "Config.c"
 Parameters:    Size  Location     Type
		None
 Auto vars:     Size  Location     Type
		None
 Return value:  Size  Location     Type
		None               void
 Registers used:
		None
 Tracked objects:
		On entry : 
		On exit  : 
		Unchanged: 
 Data sizes:     COMRAM   BANK0   BANK1   BANK2   BANK3   BANK4   BANK5   BANK6   BANK7
      Params:         0       0       0       0       0       0       0       0       0
      Locals:         0       0       0       0       0       0       0       0       0
      Temps:          0       0       0       0       0       0       0       0       0
      Totals:         0       0       0       0       0       0       0       0       0
Total ram usage:        0 bytes
 Hardware stack levels used:    1
 Hardware stack levels required when called:    2
 This function calls:
		Nothing
 This function is called by:
		_main
 This function uses a non-reentrant model


 *************** function _Serial_sendFrame *****************
 Defined at:
		line 47 in file "serial.c"
 Parameters:    Size  Location     Type
  frame           2   34[COMRAM] PTR const struct serial_
		 -> main@frame(5), 
 Auto vars:     Size  Location     Type
  p               2   40[COMRAM] PTR unsigned char 
		 -> CyclicBitBuffer_buffer(1537), 
  i               2   38[COMRAM] unsigned short 
 Return value:  Size  Location     Type
		None               void
 Registers used:
		wreg, fsr2l, fsr2h, status,2, status,0, cstack
 Tracked objects:
		On entry : 
		On exit  : 
		Unchanged: 
 Data sizes:     COMRAM   BANK0   BANK1   BANK2   BANK3   BANK4   BANK5   BANK6   BANK7
      Params:         2       0       0       0       0       0       0       0       0
      Locals:         4       0       0       0       0       0       0       0       0
      Temps:          2       0       0       0       0       0       0       0       0
      Totals:         8       0       0       0       0       0       0       0       0
Total ram usage:        8 bytes
 Hardware stack levels used:    1
 Hardware stack levels required when called:    3
 This function calls:
		_Write1USART
 This function is called by:
		_main
 This function uses a non-reentrant model


 *************** function _Write1USART *****************
 Defined at:
		line 14 in file "/opt/microchip/xc8/v1.32/sources/pic18/plib/USART/u1write.c"
 Parameters:    Size  Location     Type
  data            1    wreg     unsigned char 
 Auto vars:     Size  Location     Type
  data            1   33[COMRAM] unsigned char 
 Return value:  Size  Location     Type
		None               void
 Registers used:
		wreg
 Tracked objects:
		On entry : 
		On exit  : 
		Unchanged: 
 Data sizes:     COMRAM   BANK0   BANK1   BANK2   BANK3   BANK4   BANK5   BANK6   BANK7
      Params:         0       0       0       0       0       0       0       0       0
      Locals:         1       0       0       0       0       0       0       0       0
      Temps:          0       0       0       0       0       0       0       0       0
      Totals:         1       0       0       0       0       0       0       0       0
Total ram usage:        1 bytes
 Hardware stack levels used:    1
 Hardware stack levels required when called:    2
 This function calls:
		Nothing
 This function is called by:
		_Serial_sendFrame
 This function uses a non-reentrant model


 *************** function _Serial_readFrame *****************
 Defined at:
		line 12 in file "serial.c"
 Parameters:    Size  Location     Type
  frame           2   34[COMRAM] PTR struct serial_frame
		 -> main@frame(5), 
 Auto vars:     Size  Location     Type
  p               2   40[COMRAM] PTR unsigned char 
		 -> CyclicBitBuffer_buffer(1537), 
  i               2   38[COMRAM] unsigned short 
 Return value:  Size  Location     Type
                  2   34[COMRAM] int 
 Registers used:
		wreg, fsr2l, fsr2h, status,2, status,0, cstack
 Tracked objects:
		On entry : 
		On exit  : 
		Unchanged: 
 Data sizes:     COMRAM   BANK0   BANK1   BANK2   BANK3   BANK4   BANK5   BANK6   BANK7
      Params:         2       0       0       0       0       0       0       0       0
      Locals:         4       0       0       0       0       0       0       0       0
      Temps:          2       0       0       0       0       0       0       0       0
      Totals:         8       0       0       0       0       0       0       0       0
Total ram usage:        8 bytes
 Hardware stack levels used:    1
 Hardware stack levels required when called:    3
 This function calls:
		_Read1USART
 This function is called by:
		_main
 This function uses a non-reentrant model


 *************** function _Read1USART *****************
 Defined at:
		line 17 in file "/opt/microchip/xc8/v1.32/sources/pic18/plib/USART/u1read.c"
 Parameters:    Size  Location     Type
		None
 Auto vars:     Size  Location     Type
  data            1   33[COMRAM] unsigned char 
 Return value:  Size  Location     Type
                  1    wreg      unsigned char 
 Registers used:
		wreg, status,2, status,0
 Tracked objects:
		On entry : 
		On exit  : 
		Unchanged: 
 Data sizes:     COMRAM   BANK0   BANK1   BANK2   BANK3   BANK4   BANK5   BANK6   BANK7
      Params:         0       0       0       0       0       0       0       0       0
      Locals:         1       0       0       0       0       0       0       0       0
      Temps:          0       0       0       0       0       0       0       0       0
      Totals:         1       0       0       0       0       0       0       0       0
Total ram usage:        1 bytes
 Hardware stack levels used:    1
 Hardware stack levels required when called:    2
 This function calls:
		Nothing
 This function is called by:
		_Serial_readFrame
 This function uses a non-reentrant model


 *************** function _Serial_configSerialPort *****************
 Defined at:
		line 6 in file "serial.c"
 Parameters:    Size  Location     Type
		None
 Auto vars:     Size  Location     Type
		None
 Return value:  Size  Location     Type
		None               void
 Registers used:
		wreg, status,2, cstack
 Tracked objects:
		On entry : 
		On exit  : 
		Unchanged: 
 Data sizes:     COMRAM   BANK0   BANK1   BANK2   BANK3   BANK4   BANK5   BANK6   BANK7
      Params:         0       0       0       0       0       0       0       0       0
      Locals:         0       0       0       0       0       0       0       0       0
      Temps:          0       0       0       0       0       0       0       0       0
      Totals:         0       0       0       0       0       0       0       0       0
Total ram usage:        0 bytes
 Hardware stack levels used:    1
 Hardware stack levels required when called:    3
 This function calls:
		_Open1USART
 This function is called by:
		_main
 This function uses a non-reentrant model


 *************** function _Open1USART *****************
 Defined at:
		line 124 in file "/opt/microchip/xc8/v1.32/sources/pic18/plib/USART/u1open.c"
 Parameters:    Size  Location     Type
  config          1    wreg     unsigned char 
  spbrg           2   33[COMRAM] unsigned int 
 Auto vars:     Size  Location     Type
  config          1   38[COMRAM] unsigned char 
 Return value:  Size  Location     Type
		None               void
 Registers used:
		wreg, status,2
 Tracked objects:
		On entry : 
		On exit  : 
		Unchanged: 
 Data sizes:     COMRAM   BANK0   BANK1   BANK2   BANK3   BANK4   BANK5   BANK6   BANK7
      Params:         2       0       0       0       0       0       0       0       0
      Locals:         1       0       0       0       0       0       0       0       0
      Temps:          3       0       0       0       0       0       0       0       0
      Totals:         6       0       0       0       0       0       0       0       0
Total ram usage:        6 bytes
 Hardware stack levels used:    1
 Hardware stack levels required when called:    2
 This function calls:
		Nothing
 This function is called by:
		_Serial_configSerialPort
 This function uses a non-reentrant model


 *************** function _RF433_transmit *****************
 Defined at:
		line 21 in file "RF433.c"
 Parameters:    Size  Location     Type
		None
 Auto vars:     Size  Location     Type
		None
 Return value:  Size  Location     Type
		None               void
 Registers used:
		wreg, status,2, status,0, cstack
 Tracked objects:
		On entry : 
		On exit  : 
		Unchanged: 
 Data sizes:     COMRAM   BANK0   BANK1   BANK2   BANK3   BANK4   BANK5   BANK6   BANK7
      Params:         0       0       0       0       0       0       0       0       0
      Locals:         0       0       0       0       0       0       0       0       0
      Temps:          0       0       0       0       0       0       0       0       0
      Totals:         0       0       0       0       0       0       0       0       0
Total ram usage:        0 bytes
 Hardware stack levels used:    1
 Hardware stack levels required when called:    3
 This function calls:
		_CyclicBitBuffer_resetRead
		_Delay100TCYx
		_Delay1KTCYx
 This function is called by:
		_main
 This function uses a non-reentrant model


 *************** function _RF433_receive *****************
 Defined at:
		line 45 in file "RF433.c"
 Parameters:    Size  Location     Type
  bufferLength    2   35[COMRAM] PTR unsigned short 
		 -> main@frame(5), 
 Auto vars:     Size  Location     Type
		None
 Return value:  Size  Location     Type
                  2   35[COMRAM] PTR unsigned char 
 Registers used:
		wreg, fsr2l, fsr2h, status,2, status,0, cstack
 Tracked objects:
		On entry : 
		On exit  : 
		Unchanged: 
 Data sizes:     COMRAM   BANK0   BANK1   BANK2   BANK3   BANK4   BANK5   BANK6   BANK7
      Params:         2       0       0       0       0       0       0       0       0
      Locals:         0       0       0       0       0       0       0       0       0
      Temps:          0       0       0       0       0       0       0       0       0
      Totals:         2       0       0       0       0       0       0       0       0
Total ram usage:        2 bytes
 Hardware stack levels used:    1
 Hardware stack levels required when called:    4
 This function calls:
		_CyclicBitBuffer_getBuffer
		_CyclicBitBuffer_reset
 This function is called by:
		_main
 This function uses a non-reentrant model


 *************** function _CyclicBitBuffer_reset *****************
 Defined at:
		line 26 in file "CyclicBitBuffer.c"
 Parameters:    Size  Location     Type
		None
 Auto vars:     Size  Location     Type
		None
 Return value:  Size  Location     Type
		None               void
 Registers used:
		wreg, status,2, status,0, cstack
 Tracked objects:
		On entry : 
		On exit  : 
		Unchanged: 
 Data sizes:     COMRAM   BANK0   BANK1   BANK2   BANK3   BANK4   BANK5   BANK6   BANK7
      Params:         0       0       0       0       0       0       0       0       0
      Locals:         0       0       0       0       0       0       0       0       0
      Temps:          0       0       0       0       0       0       0       0       0
      Totals:         0       0       0       0       0       0       0       0       0
Total ram usage:        0 bytes
 Hardware stack levels used:    1
 Hardware stack levels required when called:    3
 This function calls:
		_CyclicBitBuffer_resetRead
		_CyclicBitBuffer_resetWrite
 This function is called by:
		_main
		_RF433_receive
 This function uses a non-reentrant model


 *************** function _CyclicBitBuffer_resetWrite *****************
 Defined at:
		line 21 in file "CyclicBitBuffer.c"
 Parameters:    Size  Location     Type
		None
 Auto vars:     Size  Location     Type
		None
 Return value:  Size  Location     Type
		None               void
 Registers used:
		wreg, status,2, status,0
 Tracked objects:
		On entry : 
		On exit  : 
		Unchanged: 
 Data sizes:     COMRAM   BANK0   BANK1   BANK2   BANK3   BANK4   BANK5   BANK6   BANK7
      Params:         0       0       0       0       0       0       0       0       0
      Locals:         0       0       0       0       0       0       0       0       0
      Temps:          0       0       0       0       0       0       0       0       0
      Totals:         0       0       0       0       0       0       0       0       0
Total ram usage:        0 bytes
 Hardware stack levels used:    1
 Hardware stack levels required when called:    2
 This function calls:
		Nothing
 This function is called by:
		_CyclicBitBuffer_reset
 This function uses a non-reentrant model


 *************** function _CyclicBitBuffer_resetRead *****************
 Defined at:
		line 16 in file "CyclicBitBuffer.c"
 Parameters:    Size  Location     Type
		None
 Auto vars:     Size  Location     Type
		None
 Return value:  Size  Location     Type
		None               void
 Registers used:
		wreg, status,2, status,0
 Tracked objects:
		On entry : 
		On exit  : 
		Unchanged: 
 Data sizes:     COMRAM   BANK0   BANK1   BANK2   BANK3   BANK4   BANK5   BANK6   BANK7
      Params:         0       0       0       0       0       0       0       0       0
      Locals:         0       0       0       0       0       0       0       0       0
      Temps:          0       0       0       0       0       0       0       0       0
      Totals:         0       0       0       0       0       0       0       0       0
Total ram usage:        0 bytes
 Hardware stack levels used:    1
 Hardware stack levels required when called:    2
 This function calls:
		Nothing
 This function is called by:
		_CyclicBitBuffer_reset
		_RF433_transmit
 This function uses a non-reentrant model


 *************** function _CyclicBitBuffer_getBuffer *****************
 Defined at:
		line 12 in file "CyclicBitBuffer.c"
 Parameters:    Size  Location     Type
		None
 Auto vars:     Size  Location     Type
		None
 Return value:  Size  Location     Type
                  2   33[COMRAM] PTR unsigned char 
 Registers used:
		wreg, status,2, status,0
 Tracked objects:
		On entry : 
		On exit  : 
		Unchanged: 
 Data sizes:     COMRAM   BANK0   BANK1   BANK2   BANK3   BANK4   BANK5   BANK6   BANK7
      Params:         2       0       0       0       0       0       0       0       0
      Locals:         0       0       0       0       0       0       0       0       0
      Temps:          0       0       0       0       0       0       0       0       0
      Totals:         2       0       0       0       0       0       0       0       0
Total ram usage:        2 bytes
 Hardware stack levels used:    1
 Hardware stack levels required when called:    2
 This function calls:
		Nothing
 This function is called by:
		_main
		_RF433_receive
 This function uses a non-reentrant model


 *************** function _RF433_init *****************
 Defined at:
		line 5 in file "RF433.c"
 Parameters:    Size  Location     Type
		None
 Auto vars:     Size  Location     Type
		None
 Return value:  Size  Location     Type
                  2   14[COMRAM] int 
 Registers used:
		wreg, cstack
 Tracked objects:
		On entry : 
		On exit  : 
		Unchanged: 
 Data sizes:     COMRAM   BANK0   BANK1   BANK2   BANK3   BANK4   BANK5   BANK6   BANK7
      Params:         0       0       0       0       0       0       0       0       0
      Locals:         0       0       0       0       0       0       0       0       0
      Temps:          0       0       0       0       0       0       0       0       0
      Totals:         0       0       0       0       0       0       0       0       0
Total ram usage:        0 bytes
 Hardware stack levels used:    1
 Hardware stack levels required when called:    3
 This function calls:
		_Delay100TCYx
		_Delay1KTCYx
 This function is called by:
		_main
 This function uses a non-reentrant model


 *************** function _Delay1KTCYx *****************
 Defined at:
		line 8 in file "/opt/microchip/xc8/v1.32/sources/pic18/d1ktcyx.c"
 Parameters:    Size  Location     Type
  unit            1    wreg     unsigned char 
 Auto vars:     Size  Location     Type
  unit            1   33[COMRAM] unsigned char 
 Return value:  Size  Location     Type
		None               void
 Registers used:
		wreg
 Tracked objects:
		On entry : 
		On exit  : 
		Unchanged: 
 Data sizes:     COMRAM   BANK0   BANK1   BANK2   BANK3   BANK4   BANK5   BANK6   BANK7
      Params:         0       0       0       0       0       0       0       0       0
      Locals:         1       0       0       0       0       0       0       0       0
      Temps:          0       0       0       0       0       0       0       0       0
      Totals:         1       0       0       0       0       0       0       0       0
Total ram usage:        1 bytes
 Hardware stack levels used:    1
 Hardware stack levels required when called:    2
 This function calls:
		Nothing
 This function is called by:
		_RF433_init
		_RF433_transmit
 This function uses a non-reentrant model


 *************** function _Delay100TCYx *****************
 Defined at:
		line 8 in file "/opt/microchip/xc8/v1.32/sources/pic18/d100tcyx.c"
 Parameters:    Size  Location     Type
  unit            1    wreg     unsigned char 
 Auto vars:     Size  Location     Type
  unit            1   33[COMRAM] unsigned char 
 Return value:  Size  Location     Type
		None               void
 Registers used:
		wreg
 Tracked objects:
		On entry : 
		On exit  : 
		Unchanged: 
 Data sizes:     COMRAM   BANK0   BANK1   BANK2   BANK3   BANK4   BANK5   BANK6   BANK7
      Params:         0       0       0       0       0       0       0       0       0
      Locals:         1       0       0       0       0       0       0       0       0
      Temps:          0       0       0       0       0       0       0       0       0
      Totals:         1       0       0       0       0       0       0       0       0
Total ram usage:        1 bytes
 Hardware stack levels used:    1
 Hardware stack levels required when called:    2
 This function calls:
		Nothing
 This function is called by:
		_RF433_init
		_RF433_transmit
 This function uses a non-reentrant model


 *************** function _CyclicBitBuffer_clearEvent *****************
 Defined at:
		line 31 in file "CyclicBitBuffer.c"
 Parameters:    Size  Location     Type
		None
 Auto vars:     Size  Location     Type
		None
 Return value:  Size  Location     Type
		None               void
 Registers used:
		None
 Tracked objects:
		On entry : 
		On exit  : 
		Unchanged: 
 Data sizes:     COMRAM   BANK0   BANK1   BANK2   BANK3   BANK4   BANK5   BANK6   BANK7
      Params:         0       0       0       0       0       0       0       0       0
      Locals:         0       0       0       0       0       0       0       0       0
      Temps:          0       0       0       0       0       0       0       0       0
      Totals:         0       0       0       0       0       0       0       0       0
Total ram usage:        0 bytes
 Hardware stack levels used:    1
 Hardware stack levels required when called:    2
 This function calls:
		Nothing
 This function is called by:
		_main
 This function uses a non-reentrant model


 *************** function _high_isr *****************
 Defined at:
		line 11 in file "interrupts.c"
 Parameters:    Size  Location     Type
		None
 Auto vars:     Size  Location     Type
		None
 Return value:  Size  Location     Type
		None               void
 Registers used:
		wreg, fsr2l, fsr2h, status,2, status,0, cstack
 Tracked objects:
		On entry : 
		On exit  : 
		Unchanged: 
 Data sizes:     COMRAM   BANK0   BANK1   BANK2   BANK3   BANK4   BANK5   BANK6   BANK7
      Params:         0       0       0       0       0       0       0       0       0
      Locals:         0       0       0       0       0       0       0       0       0
      Temps:         14       0       0       0       0       0       0       0       0
      Totals:        14       0       0       0       0       0       0       0       0
Total ram usage:       14 bytes
 Hardware stack levels used:    1
 Hardware stack levels required when called:    1
 This function calls:
		_CyclicBitBuffer_read
		_CyclicBitBuffer_write
		_WriteTimer0
		i2_CyclicBitBuffer_resetRead
 This function is called by:
		Interrupt level 2
 This function uses a non-reentrant model


 *************** function i2_CyclicBitBuffer_resetRead *****************
 Defined at:
		line 16 in file "CyclicBitBuffer.c"
 Parameters:    Size  Location     Type
		None
 Auto vars:     Size  Location     Type
		None
 Return value:  Size  Location     Type
		None               void
 Registers used:
		wreg, status,2, status,0
 Tracked objects:
		On entry : 
		On exit  : 
		Unchanged: 
 Data sizes:     COMRAM   BANK0   BANK1   BANK2   BANK3   BANK4   BANK5   BANK6   BANK7
      Params:         0       0       0       0       0       0       0       0       0
      Locals:         0       0       0       0       0       0       0       0       0
      Temps:          0       0       0       0       0       0       0       0       0
      Totals:         0       0       0       0       0       0       0       0       0
Total ram usage:        0 bytes
 Hardware stack levels used:    1
 This function calls:
		Nothing
 This function is called by:
		_high_isr
 This function uses a non-reentrant model


 *************** function _WriteTimer0 *****************
 Defined at:
		line 16 in file "/opt/microchip/xc8/v1.32/sources/pic18/plib/Timers/t0write.c"
 Parameters:    Size  Location     Type
  timer0          2    0[COMRAM] unsigned int 
 Auto vars:     Size  Location     Type
  timer           2    2[COMRAM] struct Timers
 Return value:  Size  Location     Type
		None               void
 Registers used:
		None
 Tracked objects:
		On entry : 
		On exit  : 
		Unchanged: 
 Data sizes:     COMRAM   BANK0   BANK1   BANK2   BANK3   BANK4   BANK5   BANK6   BANK7
      Params:         2       0       0       0       0       0       0       0       0
      Locals:         2       0       0       0       0       0       0       0       0
      Temps:          0       0       0       0       0       0       0       0       0
      Totals:         4       0       0       0       0       0       0       0       0
Total ram usage:        4 bytes
 Hardware stack levels used:    1
 This function calls:
		Nothing
 This function is called by:
		_high_isr
 This function uses a non-reentrant model


 *************** function _CyclicBitBuffer_write *****************
 Defined at:
		line 53 in file "CyclicBitBuffer.c"
 Parameters:    Size  Location     Type
  b               2    0[COMRAM] int 
 Auto vars:     Size  Location     Type
		None
 Return value:  Size  Location     Type
		None               void
 Registers used:
		wreg, fsr2l, fsr2h, status,2, status,0
 Tracked objects:
		On entry : 
		On exit  : 
		Unchanged: 
 Data sizes:     COMRAM   BANK0   BANK1   BANK2   BANK3   BANK4   BANK5   BANK6   BANK7
      Params:         2       0       0       0       0       0       0       0       0
      Locals:         0       0       0       0       0       0       0       0       0
      Temps:          1       0       0       0       0       0       0       0       0
      Totals:         3       0       0       0       0       0       0       0       0
Total ram usage:        3 bytes
 Hardware stack levels used:    1
 This function calls:
		Nothing
 This function is called by:
		_high_isr
 This function uses a non-reentrant model


 *************** function _CyclicBitBuffer_read *****************
 Defined at:
		line 36 in file "CyclicBitBuffer.c"
 Parameters:    Size  Location     Type
		None
 Auto vars:     Size  Location     Type
  ret             2    3[COMRAM] int 
 Return value:  Size  Location     Type
                  2    0[COMRAM] int 
 Registers used:
		wreg, fsr2l, fsr2h, status,2, status,0
 Tracked objects:
		On entry : 
		On exit  : 
		Unchanged: 
 Data sizes:     COMRAM   BANK0   BANK1   BANK2   BANK3   BANK4   BANK5   BANK6   BANK7
      Params:         2       0       0       0       0       0       0       0       0
      Locals:         2       0       0       0       0       0       0       0       0
      Temps:          1       0       0       0       0       0       0       0       0
      Totals:         5       0       0       0       0       0       0       0       0
Total ram usage:        5 bytes
 Hardware stack levels used:    1
 This function calls:
		Nothing
 This function is called by:
		_high_isr
 This function uses a non-reentrant model


 *************** function _low_isr *****************
 Defined at:
		line 53 in file "interrupts.c"
 Parameters:    Size  Location     Type
		None
 Auto vars:     Size  Location     Type
		None
 Return value:  Size  Location     Type
		None               void
 Registers used:
		None
 Tracked objects:
		On entry : 
		On exit  : 
		Unchanged: 
 Data sizes:     COMRAM   BANK0   BANK1   BANK2   BANK3   BANK4   BANK5   BANK6   BANK7
      Params:         0       0       0       0       0       0       0       0       0
      Locals:         0       0       0       0       0       0       0       0       0
      Temps:         14       0       0       0       0       0       0       0       0
      Totals:        14       0       0       0       0       0       0       0       0
Total ram usage:       14 bytes
 Hardware stack levels used:    1
 This function calls:
		Nothing
 This function is called by:
		Interrupt level 2
 This function uses a non-reentrant model



MODULE INFORMATION

Module		Function		Class		Link	Load	Size
serial.c
		_Serial_configS		CODE           	0662	0000	16
		_Serial_readFra		CODE           	019C	0000	278
		_Serial_sendFra		CODE           	0390	0000	176

serial.c estimated size: 470

/opt/microchip/xc8/v1.32/sources/pic18/plib/Timers/t0write.c
		_WriteTimer0   		CODE           	0650	0000	18

/opt/microchip/xc8/v1.32/sources/pic18/plib/Timers/t0write.c estimated size: 18

interrupts.c
		_high_isr      		CODE           	0008	0000	286
		_low_isr       		CODE           	0126	0000	114

interrupts.c estimated size: 400

/opt/microchip/xc8/v1.32/sources/pic18/plib/USART/u1open.c
		_Open1USART    		CODE           	0440	0000	88

/opt/microchip/xc8/v1.32/sources/pic18/plib/USART/u1open.c estimated size: 88

RF433.c
		_RF433_receive 		CODE           	0562	0000	44
		_RF433_transmit		CODE           	0530	0000	50
		_RF433_init    		CODE           	058E	0000	44

RF433.c estimated size: 138

/opt/microchip/xc8/v1.32/sources/pic18/plib/USART/u1read.c
		_Read1USART    		CODE           	0620	0000	30

/opt/microchip/xc8/v1.32/sources/pic18/plib/USART/u1read.c estimated size: 30

/opt/microchip/xc8/v1.32/sources/pic18/plib/Timers/t0open.c
		_OpenTimer0    		CODE           	05E0	0000	32

/opt/microchip/xc8/v1.32/sources/pic18/plib/Timers/t0open.c estimated size: 32

shared
		__initializatio		CODE           	05BA	0000	32
		i2_CyclicBitBuf		CODE           	06BC	0000	14

shared estimated size: 46

/opt/microchip/xc8/v1.32/sources/pic18/plib/USART/u1write.c
		_Write1USART   		CODE           	063E	0000	18

/opt/microchip/xc8/v1.32/sources/pic18/plib/USART/u1write.c estimated size: 18

/opt/microchip/xc8/v1.32/sources/pic18/d1ktcyx.c
		_Delay1KTCYx   		CODE           	0672	0000	16

/opt/microchip/xc8/v1.32/sources/pic18/d1ktcyx.c estimated size: 16

CyclicBitBuffer.c
		_CyclicBitBuffe		CODE           	04E6	0000	74
		_CyclicBitBuffe		CODE           	06E8	0000	6
		_CyclicBitBuffe		CODE           	06AE	0000	14
		_CyclicBitBuffe		CODE           	06D4	0000	10
		_CyclicBitBuffe		CODE           	0498	0000	78
		_CyclicBitBuffe		CODE           	06DE	0000	10
		_CyclicBitBuffe		CODE           	06A0	0000	14

CyclicBitBuffer.c estimated size: 206

/opt/microchip/xc8/v1.32/sources/pic18/d100tcyx.c
		_Delay100TCYx  		CODE           	0682	0000	16

/opt/microchip/xc8/v1.32/sources/pic18/d100tcyx.c estimated size: 16

Config.c
		_configInterrup		CODE           	06CA	0000	10
		_configTimer   		CODE           	0692	0000	14
		_configPorts   		CODE           	0600	0000	32
		_configClock   		CODE           	06EE	0000	4

Config.c estimated size: 60

main.c
		_main          		CODE           	02B2	0000	222

main.c estimated size: 222

